============================================================
ID3决策树 - 离散特征西瓜数据集测试
============================================================

[1] 加载数据...
训练集大小: (16, 6)
测试集大小: (10, 6)

训练集前5行:
   编号  色泽  根蒂  敲声  纹理 好瓜
0   1  青绿  蜷缩  浊响  清晰  是
1   2  乌黑  蜷缩  沉闷  清晰  是
2   3  乌黑  蜷缩  浊响  清晰  是
3   4  青绿  蜷缩  沉闷  清晰  是
4   5  浅白  蜷缩  浊响  清晰  是

训练集类别分布:
好瓜
是    8
否    8
Name: count, dtype: int64

[2] 数据预处理...
特征列表: ['色泽', '根蒂', '敲声', '纹理']
训练集特征形状: (16, 4)
测试集特征形状: (10, 4)

[3] 训练ID3决策树...
------------------------------------------------------------
✓ 训练完成！

[4] 决策树结构:
------------------------------------------------------------

决策树结构:
==================================================
特征: 纹理
├── [纹理 = 清晰] → 特征: 根蒂
│   ├── [根蒂 = 蜷缩] │   │   └─→ 预测: 【是】
│   ├── [根蒂 = 稍蜷] │   │   └─→ 预测: 【是】
│   └── [根蒂 = 硬挺] │   │   └─→ 预测: 【否】
├── [纹理 = 稍糊] → 特征: 色泽
│   ├── [色泽 = 乌黑] → 特征: 敲声
│   │   ├── [敲声 = 浊响] │   │   │   └─→ 预测: 【是】
│   │   └── [敲声 = 沉闷] │   │   │   └─→ 预测: 【否】
│   ├── [色泽 = 青绿] │   │   └─→ 预测: 【否】
│   └── [色泽 = 浅白] │   │   └─→ 预测: 【否】
└── [纹理 = 模糊] │   └─→ 预测: 【否】

[5] 进行预测...
------------------------------------------------------------

[6] 性能评估:
------------------------------------------------------------
训练集准确率: 1.0000 (100.00%)
测试集准确率: 0.7000 (70.00%)

训练集分类报告:
              precision    recall  f1-score   support

           否       1.00      1.00      1.00         8
           是       1.00      1.00      1.00         8

    accuracy                           1.00        16
   macro avg       1.00      1.00      1.00        16
weighted avg       1.00      1.00      1.00        16


测试集分类报告:
              precision    recall  f1-score   support

           否       0.75      0.60      0.67         5
           是       0.67      0.80      0.73         5

    accuracy                           0.70        10
   macro avg       0.71      0.70      0.70        10
weighted avg       0.71      0.70      0.70        10


测试集混淆矩阵:
真实\预测    否    是
否             3     2
是             1     4

[7] 预测样例:
------------------------------------------------------------
测试集前5个样本的预测结果:
样本 1: 真实=是 , 预测=是  ✓
样本 2: 真实=是 , 预测=是  ✓
样本 3: 真实=是 , 预测=是  ✓
样本 4: 真实=是 , 预测=否  ✗
样本 5: 真实=是 , 预测=是  ✓

============================================================
测试完成！
============================================================